<html>
<body>
<pre>
<h1>µVision Build Log</h1>
<h2>Tool Versions:</h2>
IDE-Version: µVision V5.25.3.0
Copyright (C) 2018 ARM Ltd and ARM Germany GmbH. All rights reserved.
License Information: sanketm SanketM, HP Inc., LIC=----
 
Tool Versions:
Toolchain:       MDK-Lite  Version: 5.20
Toolchain Path:  C:\Keil_v5\ARM\ARMCC\Bin
C Compiler:      Armcc.exe V5.06 update 2 (build 183)
Assembler:       Armasm.exe V5.06 update 2 (build 183)
Linker/Locator:  ArmLink.exe V5.06 update 2 (build 183)
Library Manager: ArmAr.exe V5.06 update 2 (build 183)
Hex Converter:   FromElf.exe V5.06 update 2 (build 183)
CPU DLL:         SARM.DLL V5.20
Dialog DLL:      DARMP.DLL V1.52.0.0
Target DLL:      UL2ARM.DLL V1.74.8.0
Dialog DLL:      TARMP.DLL V1.52.0.0
 
<h2>Project:</h2>
G:\My Drive\Envision\ARM_Microcontoller\Lcd_4bit_with_Files\Lcd_4bit_with_Files.uvproj
Project File Date:  01/03/2025

<h2>Output:</h2>
*** Using Compiler 'V5.06 update 2 (build 183)', folder: 'C:\Keil_v5\ARM\ARMCC\Bin'
Rebuild target 'Target 1'
compiling Lcd_4bit_Main.c...
Lcd_4bit.h(7): warning:  #1295-D: Deprecated declaration LCD_Init - give arg types
  void LCD_Init();
Lcd_4bit_Main.c(7): warning:  #951-D: return type of function "main" must be "int"
  void main (void)
Lcd_4bit_Main.c: 2 warnings, 0 errors
assembling Startup.s...
compiling Lcd_4bit.c...
Lcd_4bit.h(7): warning:  #1295-D: Deprecated declaration LCD_Init - give arg types
  void LCD_Init();
Lcd_4bit.c(7): warning:  #223-D: function "Delay" declared implicitly
     Delay(10);
Lcd_4bit.c(20): warning:  #223-D: function "Delay" declared implicitly
  	Delay(10);
Lcd_4bit.c(36): warning:  #223-D: function "Delay" declared implicitly
  	Delay(10);
Lcd_4bit.c(48): warning:  #1-D: last line of file ends without a newline
  }
Lcd_4bit.c: 5 warnings, 0 errors
linking...
Program Size: Code=1212 RO-data=16 RW-data=0 ZI-data=1256  
FromELF: creating hex file...
".\Objects\Lcd_4bit_with_Files.axf" - 0 Error(s), 7 Warning(s).
Build Time Elapsed:  00:00:13
</pre>
</body>
</html>
